// Jest Snapshot v1, https://goo.gl/fbAQLP

exports[`describe same me Should return same 1`] = `"aaa"`;
